// Jest Snapshot v1, https://goo.gl/fbAQLP

exports[`renders correctly 1`] = `
[
  <div
    className="fixed right-0 bottom-0 z-[1010] "
    onClick={[Function]}
  >
    <div
      style={
        {
          "opacity": 0,
        }
      }
    >
      <div
        className="h-screen w-screen bg-[#000]"
      />
    </div>
  </div>,
  <div
    className="fixed top-[15%] left-[50%] z-[1020]"
    style={
      {
        "opacity": 0,
        "transform": "translateX(-50%) translateZ(0)",
      }
    }
  >
    <div
      className="flex h-full min-h-[40vh] w-full min-w-[40vw] flex-col rounded-lg bg-neutral-100 p-6 dark:bg-neutral-100-dark"
    >
      <div
        className="flex justify-between"
      >
        <h2>
          Test
        </h2>
        <button
          className="rounded-lg border border-neutral-600 px-5 py-2.5 text-center text-sm font-medium hover:bg-neutral-600 focus:outline-none focus:ring-4 focus:ring-blue-300 sm:w-auto"
          onClick={[Function]}
        >
          x
        </button>
      </div>
      <div
        className="flex justify-center"
      >
        Test
      </div>
    </div>
  </div>,
]
`;
