// Vitest Snapshot v1, https://vitest.dev/guide/snapshot.html

exports[`renders correctly 1`] = `
<div>
  <label
    className="mb-2 block text-sm font-medium text-white"
    htmlFor="test"
  >
    Some Label
  </label>
  <div
    className=" css-b62m3t-container"
    onKeyDown={[Function]}
  >
    <span
      className="css-1f43avz-a11yText-A11yText"
      id="react-select-2-live-region"
    />
    <span
      aria-atomic="false"
      aria-live="polite"
      aria-relevant="additions text"
      className="css-1f43avz-a11yText-A11yText"
      role="log"
    />
    <div
      className="h-[44px] bg-neutral-200 rounded border
        dark:bg-neutral-50-dark focus:border-primary-500
        hover:border-primary-500 dark:focus:border-primary-300 dark:hover:border-primary-300
         dark:border-neutral-400-dark border-neutral-500 css-qz5xir-control"
      onMouseDown={[Function]}
      onTouchEnd={[Function]}
    >
      <div
        className="flex-nowrap css-1fdsijx-ValueContainer"
      >
        <div
          className=" css-1jqq78o-placeholder"
          id="react-select-2-placeholder"
        >
          Select...
        </div>
        <div
          className=" css-qbdosj-Input"
          data-value=""
        >
          <input
            aria-activedescendant=""
            aria-autocomplete="list"
            aria-describedby="react-select-2-placeholder"
            aria-expanded={false}
            aria-haspopup={true}
            aria-required={false}
            autoCapitalize="none"
            autoComplete="off"
            autoCorrect="off"
            className=""
            disabled={false}
            id="react-select-2-input"
            onBlur={[Function]}
            onChange={[Function]}
            onFocus={[Function]}
            role="combobox"
            spellCheck="false"
            style={
              {
                "background": 0,
                "border": 0,
                "color": "inherit",
                "font": "inherit",
                "gridArea": "1 / 2",
                "label": "input",
                "margin": 0,
                "minWidth": "2px",
                "opacity": 1,
                "outline": 0,
                "padding": 0,
                "width": "100%",
              }
            }
            tabIndex={0}
            type="text"
            value=""
          />
        </div>
      </div>
      <div
        className=" css-1hb7zxy-IndicatorsContainer"
      >
        <span
          className=" css-1u9des2-indicatorSeparator"
        />
        <div
          aria-hidden="true"
          className=" css-1xc3v61-indicatorContainer"
          onMouseDown={[Function]}
          onTouchEnd={[Function]}
        >
          <svg
            aria-hidden="true"
            className="css-tj5bde-Svg"
            focusable="false"
            height={20}
            viewBox="0 0 20 20"
            width={20}
          >
            <path
              d="M4.516 7.548c0.436-0.446 1.043-0.481 1.576 0l3.908 3.747 3.908-3.747c0.533-0.481 1.141-0.446 1.574 0 0.436 0.445 0.408 1.197 0 1.615-0.406 0.418-4.695 4.502-4.695 4.502-0.217 0.223-0.502 0.335-0.787 0.335s-0.57-0.112-0.789-0.335c0 0-4.287-4.084-4.695-4.502s-0.436-1.17 0-1.615z"
            />
          </svg>
        </div>
      </div>
    </div>
    <input
      name="test"
      type="hidden"
      value=""
    />
  </div>
</div>
`;
