// Vitest Snapshot v1, https://vitest.dev/guide/snapshot.html

exports[`renders correctly 1`] = `
<div
  className="dark:text-white"
>
  <label
    className="mb-2 block text-sm font-medium"
    htmlFor="test"
  >
    Some Label
  </label>
  <input
    className="input border border-neutral-500 bg-neutral-100 placeholder-neutral-500 focus:border-primary-500 focus:outline-none disabled:cursor-not-allowed disabled:border-neutral-400 disabled:text-neutral-400 aria-[invalid=true]:border-red-400 dark:border-neutral-400-dark dark:bg-neutral-50-dark dark:focus:border-primary-300 dark:disabled:border-neutral-400-dark dark:disabled:text-neutral-400-dark dark:aria-[invalid=true]:border-red-400 "
    id="test"
  />
</div>
`;
