// Jest Snapshot v1, https://goo.gl/fbAQLP

exports[`renders correctly 1`] = `
<a
  className="flex items-center  justify-center space-x-2
                  hover:text-primary-500      active:text-primary-300
                  dark:hover:text-primary-500 dark:active:text-primary-300"
  href="https://dev.permaplant.net"
>
  <button>
    Permaplant
  </button>
</a>
`;
